<script>
  import Child from "./Child.svelte";
</script>

<Child parts$$={{"default":"svelte-child-1t1isc6 svelte-child-q5x5j6","test":"svelte-child-odnmb3"}} />

<style>
  :global(.svelte-child-1t1isc6) {
    color: red;
  }

  :global(.svelte-child-odnmb3) {
    color: blue;
  }

  :global(.svelte-child-q5x5j6:hover) {
    color: green;
  }
</style>
